Archive member included to satisfy reference by file (symbol)

c:/program files/gnu tools arm embedded/6.2 2016q4/bin/../lib/gcc/arm-none-eabi/6.2.1/thumb/v8-m.base\libgcc.a(cmse_nonsecure_call.o)
                              ./system/src/main.o (__gnu_cmse_nonsecure_call)
c:/program files/gnu tools arm embedded/6.2 2016q4/bin/../lib/gcc/arm-none-eabi/6.2.1/../../../../arm-none-eabi/lib/thumb/v8-m.base\libg_nano.a(lib_a-impure.o)
                              ./system/src/main.o (_impure_ptr)
c:/program files/gnu tools arm embedded/6.2 2016q4/bin/../lib/gcc/arm-none-eabi/6.2.1/../../../../arm-none-eabi/lib/thumb/v8-m.base\libg_nano.a(lib_a-printf.o)
                              ./system/src/SecureAttrib.o (printf)
c:/program files/gnu tools arm embedded/6.2 2016q4/bin/../lib/gcc/arm-none-eabi/6.2.1/../../../../arm-none-eabi/lib/thumb/v8-m.base\libg_nano.a(lib_a-puts.o)
                              ./system/src/SecureAttrib.o (puts)
c:/program files/gnu tools arm embedded/6.2 2016q4/bin/../lib/gcc/arm-none-eabi/6.2.1/../../../../arm-none-eabi/lib/thumb/v8-m.base\libg_nano.a(lib_a-rget.o)
                              ./system/src/main.o (__srget_r)
c:/program files/gnu tools arm embedded/6.2 2016q4/bin/../lib/gcc/arm-none-eabi/6.2.1/../../../../arm-none-eabi/lib/thumb/v8-m.base\libg_nano.a(lib_a-wbuf.o)
                              c:/program files/gnu tools arm embedded/6.2 2016q4/bin/../lib/gcc/arm-none-eabi/6.2.1/../../../../arm-none-eabi/lib/thumb/v8-m.base\libg_nano.a(lib_a-puts.o) (__swbuf_r)
c:/program files/gnu tools arm embedded/6.2 2016q4/bin/../lib/gcc/arm-none-eabi/6.2.1/../../../../arm-none-eabi/lib/thumb/v8-m.base\libg_nano.a(lib_a-wsetup.o)
                              c:/program files/gnu tools arm embedded/6.2 2016q4/bin/../lib/gcc/arm-none-eabi/6.2.1/../../../../arm-none-eabi/lib/thumb/v8-m.base\libg_nano.a(lib_a-puts.o) (__swsetup_r)
c:/program files/gnu tools arm embedded/6.2 2016q4/bin/../lib/gcc/arm-none-eabi/6.2.1/../../../../arm-none-eabi/lib/thumb/v8-m.base\libg_nano.a(lib_a-fflush.o)
                              c:/program files/gnu tools arm embedded/6.2 2016q4/bin/../lib/gcc/arm-none-eabi/6.2.1/../../../../arm-none-eabi/lib/thumb/v8-m.base\libg_nano.a(lib_a-wbuf.o) (_fflush_r)
c:/program files/gnu tools arm embedded/6.2 2016q4/bin/../lib/gcc/arm-none-eabi/6.2.1/../../../../arm-none-eabi/lib/thumb/v8-m.base\libg_nano.a(lib_a-findfp.o)
                              c:/program files/gnu tools arm embedded/6.2 2016q4/bin/../lib/gcc/arm-none-eabi/6.2.1/../../../../arm-none-eabi/lib/thumb/v8-m.base\libg_nano.a(lib_a-printf.o) (__sinit)
c:/program files/gnu tools arm embedded/6.2 2016q4/bin/../lib/gcc/arm-none-eabi/6.2.1/../../../../arm-none-eabi/lib/thumb/v8-m.base\libg_nano.a(lib_a-fwalk.o)
                              c:/program files/gnu tools arm embedded/6.2 2016q4/bin/../lib/gcc/arm-none-eabi/6.2.1/../../../../arm-none-eabi/lib/thumb/v8-m.base\libg_nano.a(lib_a-findfp.o) (_fwalk)
c:/program files/gnu tools arm embedded/6.2 2016q4/bin/../lib/gcc/arm-none-eabi/6.2.1/../../../../arm-none-eabi/lib/thumb/v8-m.base\libg_nano.a(lib_a-makebuf.o)
                              c:/program files/gnu tools arm embedded/6.2 2016q4/bin/../lib/gcc/arm-none-eabi/6.2.1/../../../../arm-none-eabi/lib/thumb/v8-m.base\libg_nano.a(lib_a-wsetup.o) (__smakebuf_r)
c:/program files/gnu tools arm embedded/6.2 2016q4/bin/../lib/gcc/arm-none-eabi/6.2.1/../../../../arm-none-eabi/lib/thumb/v8-m.base\libg_nano.a(lib_a-memset.o)
                              c:/program files/gnu tools arm embedded/6.2 2016q4/bin/../lib/gcc/arm-none-eabi/6.2.1/../../../../arm-none-eabi/lib/thumb/v8-m.base\libg_nano.a(lib_a-findfp.o) (memset)
c:/program files/gnu tools arm embedded/6.2 2016q4/bin/../lib/gcc/arm-none-eabi/6.2.1/../../../../arm-none-eabi/lib/thumb/v8-m.base\libg_nano.a(lib_a-nano-freer.o)
                              c:/program files/gnu tools arm embedded/6.2 2016q4/bin/../lib/gcc/arm-none-eabi/6.2.1/../../../../arm-none-eabi/lib/thumb/v8-m.base\libg_nano.a(lib_a-wsetup.o) (_free_r)
c:/program files/gnu tools arm embedded/6.2 2016q4/bin/../lib/gcc/arm-none-eabi/6.2.1/../../../../arm-none-eabi/lib/thumb/v8-m.base\libg_nano.a(lib_a-nano-mallocr.o)
                              c:/program files/gnu tools arm embedded/6.2 2016q4/bin/../lib/gcc/arm-none-eabi/6.2.1/../../../../arm-none-eabi/lib/thumb/v8-m.base\libg_nano.a(lib_a-findfp.o) (_malloc_r)
c:/program files/gnu tools arm embedded/6.2 2016q4/bin/../lib/gcc/arm-none-eabi/6.2.1/../../../../arm-none-eabi/lib/thumb/v8-m.base\libg_nano.a(lib_a-nano-vfprintf.o)
                              c:/program files/gnu tools arm embedded/6.2 2016q4/bin/../lib/gcc/arm-none-eabi/6.2.1/../../../../arm-none-eabi/lib/thumb/v8-m.base\libg_nano.a(lib_a-printf.o) (_vfprintf_r)
c:/program files/gnu tools arm embedded/6.2 2016q4/bin/../lib/gcc/arm-none-eabi/6.2.1/../../../../arm-none-eabi/lib/thumb/v8-m.base\libg_nano.a(lib_a-nano-vfprintf_i.o)
[...]
Memory Configuration

Name             Origin             Length             Attributes
FLASH            0x00000000         0x00040000         xr
RAM              0x20000000         0x00010000         xrw
*default*        0x00000000         0xffffffff

Linker script and memory map

LOAD ./system/src/SecureAttrib.o
LOAD ./system/src/main.o
LOAD ./system/src/retarget.o
LOAD ./system/src/startup.o
LOAD ./system/src/system_TC8234.o
LOAD c:/program files/gnu tools arm embedded/6.2 2016q4/bin/../lib/gcc/arm-none-eabi/6.2.1/../../../../arm-none-eabi/lib/thumb/v8-m.base\libstdc++_nano.a
LOAD c:/program files/gnu tools arm embedded/6.2 2016q4/bin/../lib/gcc/arm-none-eabi/6.2.1/../../../../arm-none-eabi/lib/thumb/v8-m.base\libm.a
START GROUP
LOAD c:/program files/gnu tools arm embedded/6.2 2016q4/bin/../lib/gcc/arm-none-eabi/6.2.1/thumb/v8-m.base\libgcc.a
LOAD c:/program files/gnu tools arm embedded/6.2 2016q4/bin/../lib/gcc/arm-none-eabi/6.2.1/../../../../arm-none-eabi/lib/thumb/v8-m.base\libg_nano.a
LOAD c:/program files/gnu tools arm embedded/6.2 2016q4/bin/../lib/gcc/arm-none-eabi/6.2.1/../../../../arm-none-eabi/lib/thumb/v8-m.base\libc_nano.a
END GROUP
START GROUP
LOAD c:/program files/gnu tools arm embedded/6.2 2016q4/bin/../lib/gcc/arm-none-eabi/6.2.1/thumb/v8-m.base\libgcc.a
LOAD c:/program files/gnu tools arm embedded/6.2 2016q4/bin/../lib/gcc/arm-none-eabi/6.2.1/../../../../arm-none-eabi/lib/thumb/v8-m.base\libc_nano.a
END GROUP
                0x20010000                _estack = 0x20010000
START GROUP
LOAD c:/program files/gnu tools arm embedded/6.2 2016q4/bin/../lib/gcc/arm-none-eabi/6.2.1/thumb/v8-m.base\libgcc.a
LOAD c:/program files/gnu tools arm embedded/6.2 2016q4/bin/../lib/gcc/arm-none-eabi/6.2.1/../../../../arm-none-eabi/lib/thumb/v8-m.base\libc_nano.a
LOAD c:/program files/gnu tools arm embedded/6.2 2016q4/bin/../lib/gcc/arm-none-eabi/6.2.1/../../../../arm-none-eabi/lib/thumb/v8-m.base\libm.a
LOAD c:/program files/gnu tools arm embedded/6.2 2016q4/bin/../lib/gcc/arm-none-eabi/6.2.1/../../../../arm-none-eabi/lib/thumb/v8-m.base\libnosys.a
END GROUP
                0x00000000                . = 0x0

.text           0x00000000     0x1ac8
 *(.isr_vector)
 .isr_vector    0x00000000       0x40 ./system/src/startup.o
                0x00000000                g_pfnVectors
 *(.text)
 .text          0x00000040       0x32 c:/program files/gnu tools arm embedded/6.2 2016q4/bin/../lib/gcc/arm-none-eabi/6.2.1/thumb/v8-m.base\libgcc.a(cmse_nonsecure_call.o)
                0x00000040                __gnu_cmse_nonsecure_call
 *(.text*)
 *fill*         0x00000072        0x2 
 .text.__NVIC_SetPriority
                0x00000074       0xdc ./system/src/main.o
 .text.SysTick_Config
                0x00000150       0x48 ./system/src/main.o
 .text.SYS_UnlockReg
                0x00000198       0x3c ./system/src/main.o
 .text.Secure_LED_On
                0x000001d4       0x38 ./system/src/main.o
                0x000001d4                __acle_se_Secure_LED_On
 .text.Secure_LED_Off
                0x0000020c       0x38 ./system/src/main.o
                0x0000020c                __acle_se_Secure_LED_Off
 .text.Secure_LED_On_callback
                0x00000244       0x34 ./system/src/main.o
                0x00000244                __acle_se_Secure_LED_On_callback
 .text.Secure_LED_Off_callback
                0x00000278       0x34 ./system/src/main.o
                0x00000278                __acle_se_Secure_LED_Off_callback
 .text.GetSystemCoreClock
                0x000002ac       0x24 ./system/src/main.o
                0x000002ac                __acle_se_GetSystemCoreClock
 .text.SysTick_Handler
                0x000002d0       0xb4 ./system/src/main.o
                0x000002d0                SysTick_Handler
 .text.main     0x00000384      0x148 ./system/src/main.o
                0x00000384                main
 .text.Nonsecure_Init
                0x000004cc       0x5c ./system/src/main.o
                0x000004cc                Nonsecure_Init
 .text.SYS_Init
                0x00000528       0x58 ./system/src/main.o
                0x00000528                SYS_Init
 .text.UART0_Init
                0x00000580       0x20 ./system/src/main.o
                0x00000580                UART0_Init
 .text.SendChar_ToUART
                0x000005a0       0x48 ./system/src/retarget.o
                0x000005a0                SendChar_ToUART
 .text._write   0x000005e8       0x3a ./system/src/retarget.o
                0x000005e8                _write
 *fill*         0x00000622        0x2 
 .text._read    0x00000624       0x74 ./system/src/retarget.o
                0x00000624                _read
 .text.Reset_Handler
                0x00000698       0x40 ./system/src/startup.o
                0x00000698                Reset_Handler
 .text.Default_Handler
                0x000006d8        0x2 ./system/src/startup.o
                0x000006d8                DebugMon_Handler
                0x000006d8                HardFault_Handler
                0x000006d8                PendSV_Handler
                0x000006d8                NMI_Handler
                0x000006d8                UsageFault_Handler
                0x000006d8                Default_Handler
                0x000006d8                MemManage_Handler
                0x000006d8                SVC_Handler
                0x000006d8                BusFault_Handler
 *fill*         0x000006da        0x2 
 .text.TZ_SAU_Setup
                0x000006dc       0xf4 ./system/src/system_TC8234.o
 .text.SCU_Setup
                0x000007d0       0x48 ./system/src/system_TC8234.o
 .text.SystemCoreClockUpdate
                0x00000818        0xa ./system/src/system_TC8234.o
                0x00000818                SystemCoreClockUpdate
 *fill*         0x00000822        0x2 
 .text.SystemInit
                0x00000824       0x20 ./system/src/system_TC8234.o
                0x00000824                SystemInit
 .text.printf   0x00000844       0x30 c:/program files/gnu tools arm embedded/6.2 2016q4/bin/../lib/gcc/arm-none-eabi/6.2.1/../../../../arm-none-eabi/lib/thumb/v8-m.base\libg_nano.a(lib_a-printf.o)
                0x00000844                iprintf
                0x00000844                printf
 .text._puts_r  0x00000874       0xb8 c:/program files/gnu tools arm embedded/6.2 2016q4/bin/../lib/gcc/arm-none-eabi/6.2.1/../../../../arm-none-eabi/lib/thumb/v8-m.base\libg_nano.a(lib_a-puts.o)
                0x00000874                _puts_r
 .text.puts     0x0000092c       0x14 c:/program files/gnu tools arm embedded/6.2 2016q4/bin/../lib/gcc/arm-none-eabi/6.2.1/../../../../arm-none-eabi/lib/thumb/v8-m.base\libg_nano.a(lib_a-puts.o)
                0x0000092c                puts
 .text.__srget_r
                0x00000940       0x58 c:/program files/gnu tools arm embedded/6.2 2016q4/bin/../lib/gcc/arm-none-eabi/6.2.1/../../../../arm-none-eabi/lib/thumb/v8-m.base\libg_nano.a(lib_a-rget.o)
                0x00000940                __srget_r
 .text.__swbuf_r
                0x00000998       0xa4 c:/program files/gnu tools arm embedded/6.2 2016q4/bin/../lib/gcc/arm-none-eabi/6.2.1/../../../../arm-none-eabi/lib/thumb/v8-m.base\libg_nano.a(lib_a-wbuf.o)
                0x00000998                __swbuf_r
 .text.__swsetup_r
                0x00000a3c       0xe4 c:/program files/gnu tools arm embedded/6.2 2016q4/bin/../lib/gcc/arm-none-eabi/6.2.1/../../../../arm-none-eabi/lib/thumb/v8-m.base\libg_nano.a(lib_a-wsetup.o)
                0x00000a3c                __swsetup_r
 .text.__sflush_r
                0x00000b20      0x110 c:/program files/gnu tools arm embedded/6.2 2016q4/bin/../lib/gcc/arm-none-eabi/6.2.1/../../../../arm-none-eabi/lib/thumb/v8-m.base\libg_nano.a(lib_a-fflush.o)
                0x00000b20                __sflush_r
 .text._fflush_r
                0x00000c30       0x54 c:/program files/gnu tools arm embedded/6.2 2016q4/bin/../lib/gcc/arm-none-eabi/6.2.1/../../../../arm-none-eabi/lib/thumb/v8-m.base\libg_nano.a(lib_a-fflush.o)
                0x00000c30                _fflush_r
 .text.fflush   0x00000c84       0x28 c:/program files/gnu tools arm embedded/6.2 2016q4/bin/../lib/gcc/arm-none-eabi/6.2.1/../../../../arm-none-eabi/lib/thumb/v8-m.base\libg_nano.a(lib_a-fflush.o)
                0x00000c84                fflush
 .text._cleanup_r
                0x00000cac       0x10 c:/program files/gnu tools arm embedded/6.2 2016q4/bin/../lib/gcc/arm-none-eabi/6.2.1/../../../../arm-none-eabi/lib/thumb/v8-m.base\libg_nano.a(lib_a-findfp.o)
                0x00000cac                _cleanup_r
 .text.std.isra.0
                0x00000cbc       0x48 c:/program files/gnu tools arm embedded/6.2 2016q4/bin/../lib/gcc/arm-none-eabi/6.2.1/../../../../arm-none-eabi/lib/thumb/v8-m.base\libg_nano.a(lib_a-findfp.o)
 .text.__sfmoreglue
                0x00000d04       0x2c c:/program files/gnu tools arm embedded/6.2 2016q4/bin/../lib/gcc/arm-none-eabi/6.2.1/../../../../arm-none-eabi/lib/thumb/v8-m.base\libg_nano.a(lib_a-findfp.o)
                0x00000d04                __sfmoreglue
 .text.__sinit  0x00000d30       0x64 c:/program files/gnu tools arm embedded/6.2 2016q4/bin/../lib/gcc/arm-none-eabi/6.2.1/../../../../arm-none-eabi/lib/thumb/v8-m.base\libg_nano.a(lib_a-findfp.o)
                0x00000d30                __sinit
 .text.__sfp    0x00000d94       0x78 c:/program files/gnu tools arm embedded/6.2 2016q4/bin/../lib/gcc/arm-none-eabi/6.2.1/../../../../arm-none-eabi/lib/thumb/v8-m.base\libg_nano.a(lib_a-findfp.o)
                0x00000d94                __sfp
 .text._fwalk   0x00000e0c       0x36 c:/program files/gnu tools arm embedded/6.2 2016q4/bin/../lib/gcc/arm-none-eabi/6.2.1/../../../../arm-none-eabi/lib/thumb/v8-m.base\libg_nano.a(lib_a-fwalk.o)
                0x00000e0c                _fwalk
 .text._fwalk_reent
                0x00000e42       0x40 c:/program files/gnu tools arm embedded/6.2 2016q4/bin/../lib/gcc/arm-none-eabi/6.2.1/../../../../arm-none-eabi/lib/thumb/v8-m.base\libg_nano.a(lib_a-fwalk.o)
                0x00000e42                _fwalk_reent
 *fill*         0x00000e82        0x2 
 .text.__swhatbuf_r
                0x00000e84       0x50 c:/program files/gnu tools arm embedded/6.2 2016q4/bin/../lib/gcc/arm-none-eabi/6.2.1/../../../../arm-none-eabi/lib/thumb/v8-m.base\libg_nano.a(lib_a-makebuf.o)
                0x00000e84                __swhatbuf_r
 .text.__smakebuf_r
                0x00000ed4       0x78 c:/program files/gnu tools arm embedded/6.2 2016q4/bin/../lib/gcc/arm-none-eabi/6.2.1/../../../../arm-none-eabi/lib/thumb/v8-m.base\libg_nano.a(lib_a-makebuf.o)
                0x00000ed4                __smakebuf_r
 .text.memset   0x00000f4c       0x10 c:/program files/gnu tools arm embedded/6.2 2016q4/bin/../lib/gcc/arm-none-eabi/6.2.1/../../../../arm-none-eabi/lib/thumb/v8-m.base\libg_nano.a(lib_a-memset.o)
                0x00000f4c                memset
 .text._free_r  0x00000f5c       0x8c c:/program files/gnu tools arm embedded/6.2 2016q4/bin/../lib/gcc/arm-none-eabi/6.2.1/../../../../arm-none-eabi/lib/thumb/v8-m.base\libg_nano.a(lib_a-nano-freer.o)
                0x00000f5c                _free_r
 .text._malloc_r
                0x00000fe8       0xbc c:/program files/gnu tools arm embedded/6.2 2016q4/bin/../lib/gcc/arm-none-eabi/6.2.1/../../../../arm-none-eabi/lib/thumb/v8-m.base\libg_nano.a(lib_a-nano-mallocr.o)
                0x00000fe8                _malloc_r
 .text.__sfputc_r
                0x000010a4       0x2a c:/program files/gnu tools arm embedded/6.2 2016q4/bin/../lib/gcc/arm-none-eabi/6.2.1/../../../../arm-none-eabi/lib/thumb/v8-m.base\libg_nano.a(lib_a-nano-vfprintf.o)
 .text.__sfputs_r
                0x000010ce       0x24 c:/program files/gnu tools arm embedded/6.2 2016q4/bin/../lib/gcc/arm-none-eabi/6.2.1/../../../../arm-none-eabi/lib/thumb/v8-m.base\libg_nano.a(lib_a-nano-vfprintf.o)
                0x000010ce                __sfputs_r
 *fill*         0x000010f2        0x2 
 .text._vfprintf_r
                0x000010f4      0x22c c:/program files/gnu tools arm embedded/6.2 2016q4/bin/../lib/gcc/arm-none-eabi/6.2.1/../../../../arm-none-eabi/lib/thumb/v8-m.base\libg_nano.a(lib_a-nano-vfprintf.o)
                0x000010f4                _vfprintf_r
                0x000010f4                _vfiprintf_r
 .text._printf_common
                0x00001320       0xd8 c:/program files/gnu tools arm embedded/6.2 2016q4/bin/../lib/gcc/arm-none-eabi/6.2.1/../../../../arm-none-eabi/lib/thumb/v8-m.base\libg_nano.a(lib_a-nano-vfprintf_i.o)
                0x00001320                _printf_common
 .text._printf_i
                0x000013f8      0x224 c:/program files/gnu tools arm embedded/6.2 2016q4/bin/../lib/gcc/arm-none-eabi/6.2.1/../../../../arm-none-eabi/lib/thumb/v8-m.base\libg_nano.a(lib_a-nano-vfprintf_i.o)
                0x000013f8                _printf_i
 .text.lflush   0x0000161c       0x18 c:/program files/gnu tools arm embedded/6.2 2016q4/bin/../lib/gcc/arm-none-eabi/6.2.1/../../../../arm-none-eabi/lib/thumb/v8-m.base\libg_nano.a(lib_a-refill.o)
 .text.__srefill_r
                0x00001634      0x118 c:/program files/gnu tools arm embedded/6.2 2016q4/bin/../lib/gcc/arm-none-eabi/6.2.1/../../../../arm-none-eabi/lib/thumb/v8-m.base\libg_nano.a(lib_a-refill.o)
                0x00001634                __srefill_r
 .text._sbrk_r  0x0000174c       0x20 c:/program files/gnu tools arm embedded/6.2 2016q4/bin/../lib/gcc/arm-none-eabi/6.2.1/../../../../arm-none-eabi/lib/thumb/v8-m.base\libg_nano.a(lib_a-sbrkr.o)
                0x0000174c                _sbrk_r
 .text.__sread  0x0000176c       0x28 c:/program files/gnu tools arm embedded/6.2 2016q4/bin/../lib/gcc/arm-none-eabi/6.2.1/../../../../arm-none-eabi/lib/thumb/v8-m.base\libg_nano.a(lib_a-stdio.o)
                0x0000176c                __sread
 .text.__swrite
                0x00001794       0x38 c:/program files/gnu tools arm embedded/6.2 2016q4/bin/../lib/gcc/arm-none-eabi/6.2.1/../../../../arm-none-eabi/lib/thumb/v8-m.base\libg_nano.a(lib_a-stdio.o)
                0x00001794                __swrite
 .text.__sseek  0x000017cc       0x2c c:/program files/gnu tools arm embedded/6.2 2016q4/bin/../lib/gcc/arm-none-eabi/6.2.1/../../../../arm-none-eabi/lib/thumb/v8-m.base\libg_nano.a(lib_a-stdio.o)
                0x000017cc                __sseek
 .text.__sclose
                0x000017f8        0xc c:/program files/gnu tools arm embedded/6.2 2016q4/bin/../lib/gcc/arm-none-eabi/6.2.1/../../../../arm-none-eabi/lib/thumb/v8-m.base\libg_nano.a(lib_a-stdio.o)
                0x000017f8                __sclose
 .text._write_r
                0x00001804       0x24 c:/program files/gnu tools arm embedded/6.2 2016q4/bin/../lib/gcc/arm-none-eabi/6.2.1/../../../../arm-none-eabi/lib/thumb/v8-m.base\libg_nano.a(lib_a-writer.o)
                0x00001804                _write_r
 .text._close_r
                0x00001828       0x20 c:/program files/gnu tools arm embedded/6.2 2016q4/bin/../lib/gcc/arm-none-eabi/6.2.1/../../../../arm-none-eabi/lib/thumb/v8-m.base\libg_nano.a(lib_a-closer.o)
                0x00001828                _close_r
 .text._fstat_r
                0x00001848       0x24 c:/program files/gnu tools arm embedded/6.2 2016q4/bin/../lib/gcc/arm-none-eabi/6.2.1/../../../../arm-none-eabi/lib/thumb/v8-m.base\libg_nano.a(lib_a-fstatr.o)
                0x00001848                _fstat_r
 .text._isatty_r
                0x0000186c       0x20 c:/program files/gnu tools arm embedded/6.2 2016q4/bin/../lib/gcc/arm-none-eabi/6.2.1/../../../../arm-none-eabi/lib/thumb/v8-m.base\libg_nano.a(lib_a-isattyr.o)
                0x0000186c                _isatty_r
 .text._lseek_r
                0x0000188c       0x24 c:/program files/gnu tools arm embedded/6.2 2016q4/bin/../lib/gcc/arm-none-eabi/6.2.1/../../../../arm-none-eabi/lib/thumb/v8-m.base\libg_nano.a(lib_a-lseekr.o)
                0x0000188c                _lseek_r
 .text.memchr   0x000018b0       0x16 c:/program files/gnu tools arm embedded/6.2 2016q4/bin/../lib/gcc/arm-none-eabi/6.2.1/../../../../arm-none-eabi/lib/thumb/v8-m.base\libg_nano.a(lib_a-memchr-stub.o)
                0x000018b0                memchr
 .text.__malloc_lock
                0x000018c6        0x2 c:/program files/gnu tools arm embedded/6.2 2016q4/bin/../lib/gcc/arm-none-eabi/6.2.1/../../../../arm-none-eabi/lib/thumb/v8-m.base\libg_nano.a(lib_a-mlock.o)
                0x000018c6                __malloc_lock
 .text.__malloc_unlock
                0x000018c8        0x2 c:/program files/gnu tools arm embedded/6.2 2016q4/bin/../lib/gcc/arm-none-eabi/6.2.1/../../../../arm-none-eabi/lib/thumb/v8-m.base\libg_nano.a(lib_a-mlock.o)
                0x000018c8                __malloc_unlock
 *fill*         0x000018ca        0x2 
 .text._read_r  0x000018cc       0x24 c:/program files/gnu tools arm embedded/6.2 2016q4/bin/../lib/gcc/arm-none-eabi/6.2.1/../../../../arm-none-eabi/lib/thumb/v8-m.base\libg_nano.a(lib_a-readr.o)
                0x000018cc                _read_r
 .text._close   0x000018f0       0x10 c:/program files/gnu tools arm embedded/6.2 2016q4/bin/../lib/gcc/arm-none-eabi/6.2.1/../../../../arm-none-eabi/lib/thumb/v8-m.base\libnosys.a(close.o)
                0x000018f0                _close
 .text._fstat   0x00001900       0x10 c:/program files/gnu tools arm embedded/6.2 2016q4/bin/../lib/gcc/arm-none-eabi/6.2.1/../../../../arm-none-eabi/lib/thumb/v8-m.base\libnosys.a(fstat.o)
                0x00001900                _fstat
 .text._isatty  0x00001910       0x10 c:/program files/gnu tools arm embedded/6.2 2016q4/bin/../lib/gcc/arm-none-eabi/6.2.1/../../../../arm-none-eabi/lib/thumb/v8-m.base\libnosys.a(isatty.o)
                0x00001910                _isatty
 .text._lseek   0x00001920       0x10 c:/program files/gnu tools arm embedded/6.2 2016q4/bin/../lib/gcc/arm-none-eabi/6.2.1/../../../../arm-none-eabi/lib/thumb/v8-m.base\libnosys.a(lseek.o)
                0x00001920                _lseek
 .text._sbrk    0x00001930       0x1c c:/program files/gnu tools arm embedded/6.2 2016q4/bin/../lib/gcc/arm-none-eabi/6.2.1/../../../../arm-none-eabi/lib/thumb/v8-m.base\libnosys.a(sbrk.o)
                0x00001930                _sbrk
 *(.rodata)
 .rodata        0x0000194c       0xe1 ./system/src/main.o
 *(.rodata*)
 *fill*         0x00001a2d        0x3 
 .rodata._global_impure_ptr
                0x00001a30        0x4 c:/program files/gnu tools arm embedded/6.2 2016q4/bin/../lib/gcc/arm-none-eabi/6.2.1/../../../../arm-none-eabi/lib/thumb/v8-m.base\libg_nano.a(lib_a-impure.o)
                0x00001a30                _global_impure_ptr
 .rodata.__sf_fake_stderr
                0x00001a34       0x20 c:/program files/gnu tools arm embedded/6.2 2016q4/bin/../lib/gcc/arm-none-eabi/6.2.1/../../../../arm-none-eabi/lib/thumb/v8-m.base\libg_nano.a(lib_a-findfp.o)
                0x00001a34                __sf_fake_stderr
 .rodata.__sf_fake_stdin
                0x00001a54       0x20 c:/program files/gnu tools arm embedded/6.2 2016q4/bin/../lib/gcc/arm-none-eabi/6.2.1/../../../../arm-none-eabi/lib/thumb/v8-m.base\libg_nano.a(lib_a-findfp.o)
                0x00001a54                __sf_fake_stdin
 .rodata.__sf_fake_stdout
                0x00001a74       0x20 c:/program files/gnu tools arm embedded/6.2 2016q4/bin/../lib/gcc/arm-none-eabi/6.2.1/../../../../arm-none-eabi/lib/thumb/v8-m.base\libg_nano.a(lib_a-findfp.o)
                0x00001a74                __sf_fake_stdout
 .rodata._vfprintf_r.str1.1
                0x00001a94       0x11 c:/program files/gnu tools arm embedded/6.2 2016q4/bin/../lib/gcc/arm-none-eabi/6.2.1/../../../../arm-none-eabi/lib/thumb/v8-m.base\libg_nano.a(lib_a-nano-vfprintf.o)
 .rodata._printf_i.str1.1
                0x00001aa5       0x22 c:/program files/gnu tools arm embedded/6.2 2016q4/bin/../lib/gcc/arm-none-eabi/6.2.1/../../../../arm-none-eabi/lib/thumb/v8-m.base\libg_nano.a(lib_a-nano-vfprintf_i.o)
 *(.init)
 *(.fini)
                0x00001ac8                . = ALIGN (0x4)
 *fill*         0x00001ac7        0x1 
                0x00001ac8                _etext = .

.glue_7         0x00001ac8        0x0
 .glue_7        0x00001ac8        0x0 linker stubs

.glue_7t        0x00001ac8        0x0
 .glue_7t       0x00001ac8        0x0 linker stubs

.vfp11_veneer   0x00001ac8        0x0
 .vfp11_veneer  0x00001ac8        0x0 linker stubs

.v4_bx          0x00001ac8        0x0
 .v4_bx         0x00001ac8        0x0 linker stubs

.iplt           0x00001ac8        0x0
 .iplt          0x00001ac8        0x0 ./system/src/SecureAttrib.o

.rel.dyn        0x00001ac8        0x0
 .rel.iplt      0x00001ac8        0x0 ./system/src/SecureAttrib.o

.data           0x20000000       0x68 load address 0x00001ac8
                0x20000000                . = ALIGN (0x4)
                0x20000000                _sdata = .
 *(.data)
 *(.data*)
 .data.SystemCoreClock
                0x20000000        0x4 ./system/src/system_TC8234.o
                0x20000000                SystemCoreClock
 .data._impure_ptr
                0x20000004        0x4 c:/program files/gnu tools arm embedded/6.2 2016q4/bin/../lib/gcc/arm-none-eabi/6.2.1/../../../../arm-none-eabi/lib/thumb/v8-m.base\libg_nano.a(lib_a-impure.o)
                0x20000004                _impure_ptr
 .data.impure_data
                0x20000008       0x60 c:/program files/gnu tools arm embedded/6.2 2016q4/bin/../lib/gcc/arm-none-eabi/6.2.1/../../../../arm-none-eabi/lib/thumb/v8-m.base\libg_nano.a(lib_a-impure.o)
                0x20000068                . = ALIGN (0x4)
                0x20000068                _edata = .

.igot.plt       0x20000068        0x0 load address 0x00001b30
 .igot.plt      0x20000068        0x0 ./system/src/SecureAttrib.o

.gnu.sgstubs    0x0003f800       0x40
                0x0003f800                . = ALIGN (0x4)
 *(.text)
                0x0003f800                . = ALIGN (0x4)
 .gnu.sgstubs.__stub
                0x0003f800       0x28 linker stubs
                0x0003f800                Secure_LED_Off_callback
                0x0003f808                Secure_LED_Off
                0x0003f810                Secure_LED_On_callback
                0x0003f818                Secure_LED_On
                0x0003f820                GetSystemCoreClock
                0x0003f828                _sidata = .
                0x0003f828                . = ALIGN (0x4)

.bss            0x20000068       0x1c
                0x20000068                _sbss = .
                0x20000068                __bss_start__ = _sbss
 *(.bss)
 *(.bss*)
 .bss.pfNonSecure_LED_On
                0x20000068        0x4 ./system/src/main.o
                0x20000068                pfNonSecure_LED_On
 .bss.pfNonSecure_LED_Off
                0x2000006c        0x4 ./system/src/main.o
                0x2000006c                pfNonSecure_LED_Off
 .bss.ticks.7594
                0x20000070        0x4 ./system/src/main.o
 .bss.__malloc_free_list
                0x20000074        0x4 c:/program files/gnu tools arm embedded/6.2 2016q4/bin/../lib/gcc/arm-none-eabi/6.2.1/../../../../arm-none-eabi/lib/thumb/v8-m.base\libg_nano.a(lib_a-nano-mallocr.o)
                0x20000074                __malloc_free_list
 .bss.__malloc_sbrk_start
                0x20000078        0x4 c:/program files/gnu tools arm embedded/6.2 2016q4/bin/../lib/gcc/arm-none-eabi/6.2.1/../../../../arm-none-eabi/lib/thumb/v8-m.base\libg_nano.a(lib_a-nano-mallocr.o)
                0x20000078                __malloc_sbrk_start
 .bss.heap_end.4116
                0x2000007c        0x4 c:/program files/gnu tools arm embedded/6.2 2016q4/bin/../lib/gcc/arm-none-eabi/6.2.1/../../../../arm-none-eabi/lib/thumb/v8-m.base\libnosys.a(sbrk.o)
 *(COMMON)
 COMMON         0x20000080        0x4 c:/program files/gnu tools arm embedded/6.2 2016q4/bin/../lib/gcc/arm-none-eabi/6.2.1/../../../../arm-none-eabi/lib/thumb/v8-m.base\libg_nano.a(lib_a-reent.o)
                0x20000080                errno
                0x20000084                . = ALIGN (0x4)
                0x20000084                _ebss = .
                0x20000084                __bss_end__ = _ebss

.heap           0x20000088      0xc00
                0x20000088                __end__ = .
                0x20000088                PROVIDE (end, .)
 *(.heap*)
 .heap          0x20000088      0xc00 ./system/src/startup.o
                0x20000088                __HeapBase
                0x20000c88                . = ALIGN (0x4)
                0x20000c88                __HeapLimit = .

.stack_dummy    0x20000088      0xc00
 *(.stack*)
 .stack         0x20000088      0xc00 ./system/src/startup.o
                0x20010000                __StackTop = (ORIGIN (RAM) + LENGTH (RAM))
                0x2000f400                __StackLimit = (__StackTop - SIZEOF (.stack_dummy))
                [!provide]                PROVIDE (__stack, __StackTop)
                0x00000001                ASSERT ((__StackLimit >= __HeapLimit), region RAM overflowed with stack)
OUTPUT(tz_s.elf elf32-littlearm)

.debug_info     0x00000000     0x3d86
 .debug_info    0x00000000     0x1fcf ./system/src/main.o
 .debug_info    0x00001fcf      0xd3e ./system/src/retarget.o
 .debug_info    0x00002d0d       0x60 ./system/src/startup.o
 .debug_info    0x00002d6d     0x1019 ./system/src/system_TC8234.o

.debug_abbrev   0x00000000      0x7f0
 .debug_abbrev  0x00000000      0x39e ./system/src/main.o
 .debug_abbrev  0x0000039e      0x26c ./system/src/retarget.o
 .debug_abbrev  0x0000060a       0x12 ./system/src/startup.o
 .debug_abbrev  0x0000061c      0x1d4 ./system/src/system_TC8234.o

.debug_loc      0x00000000      0x590
 .debug_loc     0x00000000      0x29c ./system/src/main.o
 .debug_loc     0x0000029c      0x244 ./system/src/retarget.o
 .debug_loc     0x000004e0       0xb0 ./system/src/system_TC8234.o

.debug_aranges  0x00000000      0x150
 .debug_aranges
                0x00000000       0x80 ./system/src/main.o
 .debug_aranges
                0x00000080       0x70 ./system/src/retarget.o
 .debug_aranges
                0x000000f0       0x28 ./system/src/startup.o
 .debug_aranges
                0x00000118       0x38 ./system/src/system_TC8234.o

.debug_ranges   0x00000000      0x118
 .debug_ranges  0x00000000       0x70 ./system/src/main.o
 .debug_ranges  0x00000070       0x60 ./system/src/retarget.o
 .debug_ranges  0x000000d0       0x20 ./system/src/startup.o
 .debug_ranges  0x000000f0       0x28 ./system/src/system_TC8234.o

.debug_macro    0x00000000      0xbb8
 .debug_macro   0x00000000      0x2a4 ./system/src/main.o
 .debug_macro   0x000002a4      0x174 ./system/src/main.o
 .debug_macro   0x00000418       0x87 ./system/src/main.o
 .debug_macro   0x0000049f       0x51 ./system/src/main.o
 .debug_macro   0x000004f0       0x46 ./system/src/main.o
 .debug_macro   0x00000536       0x35 ./system/src/main.o
 .debug_macro   0x0000056b       0x16 ./system/src/main.o
 .debug_macro   0x00000581       0x16 ./system/src/main.o
 .debug_macro   0x00000597       0x29 ./system/src/main.o
 .debug_macro   0x000005c0       0x16 ./system/src/main.o
 .debug_macro   0x000005d6      0x187 ./system/src/main.o
 .debug_macro   0x0000075d      0x21b ./system/src/retarget.o
 .debug_macro   0x00000978       0x22 ./system/src/retarget.o
 .debug_macro   0x0000099a      0x21e ./system/src/system_TC8234.o

.debug_line     0x00000000     0x1018
 .debug_line    0x00000000      0x618 ./system/src/main.o
 .debug_line    0x00000618      0x50d ./system/src/retarget.o
 .debug_line    0x00000b25       0x76 ./system/src/startup.o
 .debug_line    0x00000b9b      0x47d ./system/src/system_TC8234.o

.debug_str      0x00000000    0x6cfe1
 .debug_str     0x00000000    0x6cec0 ./system/src/main.o
                              0x6e430 (size before relaxing)
 .debug_str     0x0006cec0       0x97 ./system/src/retarget.o
                              0x6cee1 (size before relaxing)
 .debug_str     0x0006cf57       0x8a ./system/src/system_TC8234.o
                              0x6d69c (size before relaxing)

.comment        0x00000000       0x6e
 .comment       0x00000000       0x6e ./system/src/main.o
                                 0x6f (size before relaxing)
 .comment       0x0000006e       0x6f ./system/src/retarget.o
 .comment       0x0000006e       0x6f ./system/src/system_TC8234.o

.ARM.attributes
                0x00000000       0x30
 .ARM.attributes
                0x00000000       0x32 ./system/src/main.o
 .ARM.attributes
                0x00000032       0x32 ./system/src/retarget.o
 .ARM.attributes
                0x00000064       0x22 ./system/src/startup.o
 .ARM.attributes
                0x00000086       0x32 ./system/src/system_TC8234.o
 .ARM.attributes
                0x000000b8       0x20 c:/program files/gnu tools arm embedded/6.2 2016q4/bin/../lib/gcc/arm-none-eabi/6.2.1/thumb/v8-m.base\libgcc.a(cmse_nonsecure_call.o)
 .ARM.attributes
                0x000000d8       0x30 c:/program files/gnu tools arm embedded/6.2 2016q4/bin/../lib/gcc/arm-none-eabi/6.2.1/../../../../arm-none-eabi/lib/thumb/v8-m.base\libg_nano.a(lib_a-impure.o)
 .ARM.attributes
                0x00000108       0x30 c:/program files/gnu tools arm embedded/6.2 2016q4/bin/../lib/gcc/arm-none-eabi/6.2.1/../../../../arm-none-eabi/lib/thumb/v8-m.base\libg_nano.a(lib_a-printf.o)
 .ARM.attributes
                0x00000138       0x30 c:/program files/gnu tools arm embedded/6.2 2016q4/bin/../lib/gcc/arm-none-eabi/6.2.1/../../../../arm-none-eabi/lib/thumb/v8-m.base\libg_nano.a(lib_a-puts.o)
 .ARM.attributes
                0x00000168       0x30 c:/program files/gnu tools arm embedded/6.2 2016q4/bin/../lib/gcc/arm-none-eabi/6.2.1/../../../../arm-none-eabi/lib/thumb/v8-m.base\libg_nano.a(lib_a-rget.o)
 .ARM.attributes
                0x00000198       0x30 c:/program files/gnu tools arm embedded/6.2 2016q4/bin/../lib/gcc/arm-none-eabi/6.2.1/../../../../arm-none-eabi/lib/thumb/v8-m.base\libg_nano.a(lib_a-wbuf.o)
 .ARM.attributes
                0x000001c8       0x30 c:/program files/gnu tools arm embedded/6.2 2016q4/bin/../lib/gcc/arm-none-eabi/6.2.1/../../../../arm-none-eabi/lib/thumb/v8-m.base\libg_nano.a(lib_a-wsetup.o)
 .ARM.attributes
                0x000001f8       0x30 c:/program files/gnu tools arm embedded/6.2 2016q4/bin/../lib/gcc/arm-none-eabi/6.2.1/../../../../arm-none-eabi/lib/thumb/v8-m.base\libg_nano.a(lib_a-fflush.o)
 .ARM.attributes
                0x00000228       0x30 c:/program files/gnu tools arm embedded/6.2 2016q4/bin/../lib/gcc/arm-none-eabi/6.2.1/../../../../arm-none-eabi/lib/thumb/v8-m.base\libg_nano.a(lib_a-findfp.o)
 .ARM.attributes
                0x00000258       0x30 c:/program files/gnu tools arm embedded/6.2 2016q4/bin/../lib/gcc/arm-none-eabi/6.2.1/../../../../arm-none-eabi/lib/thumb/v8-m.base\libg_nano.a(lib_a-fwalk.o)
 .ARM.attributes
                0x00000288       0x30 c:/program files/gnu tools arm embedded/6.2 2016q4/bin/../lib/gcc/arm-none-eabi/6.2.1/../../../../arm-none-eabi/lib/thumb/v8-m.base\libg_nano.a(lib_a-makebuf.o)
 .ARM.attributes
                0x000002b8       0x30 c:/program files/gnu tools arm embedded/6.2 2016q4/bin/../lib/gcc/arm-none-eabi/6.2.1/../../../../arm-none-eabi/lib/thumb/v8-m.base\libg_nano.a(lib_a-memset.o)
 .ARM.attributes
                0x000002e8       0x30 c:/program files/gnu tools arm embedded/6.2 2016q4/bin/../lib/gcc/arm-none-eabi/6.2.1/../../../../arm-none-eabi/lib/thumb/v8-m.base\libg_nano.a(lib_a-nano-freer.o)
 .ARM.attributes
                0x00000318       0x30 c:/program files/gnu tools arm embedded/6.2 2016q4/bin/../lib/gcc/arm-none-eabi/6.2.1/../../../../arm-none-eabi/lib/thumb/v8-m.base\libg_nano.a(lib_a-nano-mallocr.o)
 .ARM.attributes
                0x00000348       0x30 c:/program files/gnu tools arm embedded/6.2 2016q4/bin/../lib/gcc/arm-none-eabi/6.2.1/../../../../arm-none-eabi/lib/thumb/v8-m.base\libg_nano.a(lib_a-nano-vfprintf.o)
 .ARM.attributes
                0x00000378       0x30 c:/program files/gnu tools arm embedded/6.2 2016q4/bin/../lib/gcc/arm-none-eabi/6.2.1/../../../../arm-none-eabi/lib/thumb/v8-m.base\libg_nano.a(lib_a-nano-vfprintf_i.o)
 .ARM.attributes
                0x000003a8       0x30 c:/program files/gnu tools arm embedded/6.2 2016q4/bin/../lib/gcc/arm-none-eabi/6.2.1/../../../../arm-none-eabi/lib/thumb/v8-m.base\libg_nano.a(lib_a-refill.o)
 .ARM.attributes
                0x000003d8       0x30 c:/program files/gnu tools arm embedded/6.2 2016q4/bin/../lib/gcc/arm-none-eabi/6.2.1/../../../../arm-none-eabi/lib/thumb/v8-m.base\libg_nano.a(lib_a-sbrkr.o)
 .ARM.attributes
                0x00000408       0x30 c:/program files/gnu tools arm embedded/6.2 2016q4/bin/../lib/gcc/arm-none-eabi/6.2.1/../../../../arm-none-eabi/lib/thumb/v8-m.base\libg_nano.a(lib_a-stdio.o)
 .ARM.attributes
                0x00000438       0x30 c:/program files/gnu tools arm embedded/6.2 2016q4/bin/../lib/gcc/arm-none-eabi/6.2.1/../../../../arm-none-eabi/lib/thumb/v8-m.base\libg_nano.a(lib_a-writer.o)
 .ARM.attributes
                0x00000468       0x30 c:/program files/gnu tools arm embedded/6.2 2016q4/bin/../lib/gcc/arm-none-eabi/6.2.1/../../../../arm-none-eabi/lib/thumb/v8-m.base\libg_nano.a(lib_a-closer.o)
 .ARM.attributes
                0x00000498       0x30 c:/program files/gnu tools arm embedded/6.2 2016q4/bin/../lib/gcc/arm-none-eabi/6.2.1/../../../../arm-none-eabi/lib/thumb/v8-m.base\libg_nano.a(lib_a-fstatr.o)
 .ARM.attributes
                0x000004c8       0x30 c:/program files/gnu tools arm embedded/6.2 2016q4/bin/../lib/gcc/arm-none-eabi/6.2.1/../../../../arm-none-eabi/lib/thumb/v8-m.base\libg_nano.a(lib_a-isattyr.o)
 .ARM.attributes
                0x000004f8       0x30 c:/program files/gnu tools arm embedded/6.2 2016q4/bin/../lib/gcc/arm-none-eabi/6.2.1/../../../../arm-none-eabi/lib/thumb/v8-m.base\libg_nano.a(lib_a-lseekr.o)
 .ARM.attributes
                0x00000528       0x30 c:/program files/gnu tools arm embedded/6.2 2016q4/bin/../lib/gcc/arm-none-eabi/6.2.1/../../../../arm-none-eabi/lib/thumb/v8-m.base\libg_nano.a(lib_a-memchr-stub.o)
 .ARM.attributes
                0x00000558       0x30 c:/program files/gnu tools arm embedded/6.2 2016q4/bin/../lib/gcc/arm-none-eabi/6.2.1/../../../../arm-none-eabi/lib/thumb/v8-m.base\libg_nano.a(lib_a-mlock.o)
 .ARM.attributes
                0x00000588       0x30 c:/program files/gnu tools arm embedded/6.2 2016q4/bin/../lib/gcc/arm-none-eabi/6.2.1/../../../../arm-none-eabi/lib/thumb/v8-m.base\libg_nano.a(lib_a-readr.o)
 .ARM.attributes
                0x000005b8       0x30 c:/program files/gnu tools arm embedded/6.2 2016q4/bin/../lib/gcc/arm-none-eabi/6.2.1/../../../../arm-none-eabi/lib/thumb/v8-m.base\libg_nano.a(lib_a-reent.o)
 .ARM.attributes
                0x000005e8       0x30 c:/program files/gnu tools arm embedded/6.2 2016q4/bin/../lib/gcc/arm-none-eabi/6.2.1/../../../../arm-none-eabi/lib/thumb/v8-m.base\libnosys.a(close.o)
 .ARM.attributes
                0x00000618       0x30 c:/program files/gnu tools arm embedded/6.2 2016q4/bin/../lib/gcc/arm-none-eabi/6.2.1/../../../../arm-none-eabi/lib/thumb/v8-m.base\libnosys.a(fstat.o)
 .ARM.attributes
                0x00000648       0x30 c:/program files/gnu tools arm embedded/6.2 2016q4/bin/../lib/gcc/arm-none-eabi/6.2.1/../../../../arm-none-eabi/lib/thumb/v8-m.base\libnosys.a(isatty.o)
 .ARM.attributes
                0x00000678       0x30 c:/program files/gnu tools arm embedded/6.2 2016q4/bin/../lib/gcc/arm-none-eabi/6.2.1/../../../../arm-none-eabi/lib/thumb/v8-m.base\libnosys.a(lseek.o)
 .ARM.attributes
                0x000006a8       0x30 c:/program files/gnu tools arm embedded/6.2 2016q4/bin/../lib/gcc/arm-none-eabi/6.2.1/../../../../arm-none-eabi/lib/thumb/v8-m.base\libnosys.a(sbrk.o)

.debug_frame    0x00000000      0xbe4
 .debug_frame   0x00000000      0x1b4 ./system/src/main.o
 .debug_frame   0x000001b4      0x164 ./system/src/retarget.o
 .debug_frame   0x00000318       0x80 ./system/src/system_TC8234.o
 .debug_frame   0x00000398       0x50 c:/program files/gnu tools arm embedded/6.2 2016q4/bin/../lib/gcc/arm-none-eabi/6.2.1/../../../../arm-none-eabi/lib/thumb/v8-m.base\libg_nano.a(lib_a-printf.o)
 .debug_frame   0x000003e8       0x44 c:/program files/gnu tools arm embedded/6.2 2016q4/bin/../lib/gcc/arm-none-eabi/6.2.1/../../../../arm-none-eabi/lib/thumb/v8-m.base\libg_nano.a(lib_a-puts.o)
 .debug_frame   0x0000042c       0x44 c:/program files/gnu tools arm embedded/6.2 2016q4/bin/../lib/gcc/arm-none-eabi/6.2.1/../../../../arm-none-eabi/lib/thumb/v8-m.base\libg_nano.a(lib_a-rget.o)
 .debug_frame   0x00000470       0x48 c:/program files/gnu tools arm embedded/6.2 2016q4/bin/../lib/gcc/arm-none-eabi/6.2.1/../../../../arm-none-eabi/lib/thumb/v8-m.base\libg_nano.a(lib_a-wbuf.o)
 .debug_frame   0x000004b8       0x2c c:/program files/gnu tools arm embedded/6.2 2016q4/bin/../lib/gcc/arm-none-eabi/6.2.1/../../../../arm-none-eabi/lib/thumb/v8-m.base\libg_nano.a(lib_a-wsetup.o)
 .debug_frame   0x000004e4       0x68 c:/program files/gnu tools arm embedded/6.2 2016q4/bin/../lib/gcc/arm-none-eabi/6.2.1/../../../../arm-none-eabi/lib/thumb/v8-m.base\libg_nano.a(lib_a-fflush.o)
 .debug_frame   0x0000054c      0x140 c:/program files/gnu tools arm embedded/6.2 2016q4/bin/../lib/gcc/arm-none-eabi/6.2.1/../../../../arm-none-eabi/lib/thumb/v8-m.base\libg_nano.a(lib_a-findfp.o)
 .debug_frame   0x0000068c       0x58 c:/program files/gnu tools arm embedded/6.2 2016q4/bin/../lib/gcc/arm-none-eabi/6.2.1/../../../../arm-none-eabi/lib/thumb/v8-m.base\libg_nano.a(lib_a-fwalk.o)
 .debug_frame   0x000006e4       0x54 c:/program files/gnu tools arm embedded/6.2 2016q4/bin/../lib/gcc/arm-none-eabi/6.2.1/../../../../arm-none-eabi/lib/thumb/v8-m.base\libg_nano.a(lib_a-makebuf.o)
 .debug_frame   0x00000738       0x20 c:/program files/gnu tools arm embedded/6.2 2016q4/bin/../lib/gcc/arm-none-eabi/6.2.1/../../../../arm-none-eabi/lib/thumb/v8-m.base\libg_nano.a(lib_a-memset.o)
 .debug_frame   0x00000758       0x2c c:/program files/gnu tools arm embedded/6.2 2016q4/bin/../lib/gcc/arm-none-eabi/6.2.1/../../../../arm-none-eabi/lib/thumb/v8-m.base\libg_nano.a(lib_a-nano-freer.o)
 .debug_frame   0x00000784       0x2c c:/program files/gnu tools arm embedded/6.2 2016q4/bin/../lib/gcc/arm-none-eabi/6.2.1/../../../../arm-none-eabi/lib/thumb/v8-m.base\libg_nano.a(lib_a-nano-mallocr.o)
 .debug_frame   0x000007b0       0x9c c:/program files/gnu tools arm embedded/6.2 2016q4/bin/../lib/gcc/arm-none-eabi/6.2.1/../../../../arm-none-eabi/lib/thumb/v8-m.base\libg_nano.a(lib_a-nano-vfprintf.o)
 .debug_frame   0x0000084c       0x54 c:/program files/gnu tools arm embedded/6.2 2016q4/bin/../lib/gcc/arm-none-eabi/6.2.1/../../../../arm-none-eabi/lib/thumb/v8-m.base\libg_nano.a(lib_a-nano-vfprintf_i.o)
 .debug_frame   0x000008a0       0x48 c:/program files/gnu tools arm embedded/6.2 2016q4/bin/../lib/gcc/arm-none-eabi/6.2.1/../../../../arm-none-eabi/lib/thumb/v8-m.base\libg_nano.a(lib_a-refill.o)
 .debug_frame   0x000008e8       0x2c c:/program files/gnu tools arm embedded/6.2 2016q4/bin/../lib/gcc/arm-none-eabi/6.2.1/../../../../arm-none-eabi/lib/thumb/v8-m.base\libg_nano.a(lib_a-sbrkr.o)
 .debug_frame   0x00000914       0x90 c:/program files/gnu tools arm embedded/6.2 2016q4/bin/../lib/gcc/arm-none-eabi/6.2.1/../../../../arm-none-eabi/lib/thumb/v8-m.base\libg_nano.a(lib_a-stdio.o)
 .debug_frame   0x000009a4       0x2c c:/program files/gnu tools arm embedded/6.2 2016q4/bin/../lib/gcc/arm-none-eabi/6.2.1/../../../../arm-none-eabi/lib/thumb/v8-m.base\libg_nano.a(lib_a-writer.o)
 .debug_frame   0x000009d0       0x2c c:/program files/gnu tools arm embedded/6.2 2016q4/bin/../lib/gcc/arm-none-eabi/6.2.1/../../../../arm-none-eabi/lib/thumb/v8-m.base\libg_nano.a(lib_a-closer.o)
 .debug_frame   0x000009fc       0x2c c:/program files/gnu tools arm embedded/6.2 2016q4/bin/../lib/gcc/arm-none-eabi/6.2.1/../../../../arm-none-eabi/lib/thumb/v8-m.base\libg_nano.a(lib_a-fstatr.o)
 .debug_frame   0x00000a28       0x2c c:/program files/gnu tools arm embedded/6.2 2016q4/bin/../lib/gcc/arm-none-eabi/6.2.1/../../../../arm-none-eabi/lib/thumb/v8-m.base\libg_nano.a(lib_a-isattyr.o)
 .debug_frame   0x00000a54       0x2c c:/program files/gnu tools arm embedded/6.2 2016q4/bin/../lib/gcc/arm-none-eabi/6.2.1/../../../../arm-none-eabi/lib/thumb/v8-m.base\libg_nano.a(lib_a-lseekr.o)
 .debug_frame   0x00000a80       0x20 c:/program files/gnu tools arm embedded/6.2 2016q4/bin/../lib/gcc/arm-none-eabi/6.2.1/../../../../arm-none-eabi/lib/thumb/v8-m.base\libg_nano.a(lib_a-memchr-stub.o)
 .debug_frame   0x00000aa0       0x30 c:/program files/gnu tools arm embedded/6.2 2016q4/bin/../lib/gcc/arm-none-eabi/6.2.1/../../../../arm-none-eabi/lib/thumb/v8-m.base\libg_nano.a(lib_a-mlock.o)
 .debug_frame   0x00000ad0       0x2c c:/program files/gnu tools arm embedded/6.2 2016q4/bin/../lib/gcc/arm-none-eabi/6.2.1/../../../../arm-none-eabi/lib/thumb/v8-m.base\libg_nano.a(lib_a-readr.o)
 .debug_frame   0x00000afc       0x48 c:/program files/gnu tools arm embedded/6.2 2016q4/bin/../lib/gcc/arm-none-eabi/6.2.1/../../../../arm-none-eabi/lib/thumb/v8-m.base\libg_nano.a(lib_a-reent.o)
 .debug_frame   0x00000b44       0x20 c:/program files/gnu tools arm embedded/6.2 2016q4/bin/../lib/gcc/arm-none-eabi/6.2.1/../../../../arm-none-eabi/lib/thumb/v8-m.base\libnosys.a(close.o)
 .debug_frame   0x00000b64       0x20 c:/program files/gnu tools arm embedded/6.2 2016q4/bin/../lib/gcc/arm-none-eabi/6.2.1/../../../../arm-none-eabi/lib/thumb/v8-m.base\libnosys.a(fstat.o)
 .debug_frame   0x00000b84       0x20 c:/program files/gnu tools arm embedded/6.2 2016q4/bin/../lib/gcc/arm-none-eabi/6.2.1/../../../../arm-none-eabi/lib/thumb/v8-m.base\libnosys.a(isatty.o)
 .debug_frame   0x00000ba4       0x20 c:/program files/gnu tools arm embedded/6.2 2016q4/bin/../lib/gcc/arm-none-eabi/6.2.1/../../../../arm-none-eabi/lib/thumb/v8-m.base\libnosys.a(lseek.o)
 .debug_frame   0x00000bc4       0x20 c:/program files/gnu tools arm embedded/6.2 2016q4/bin/../lib/gcc/arm-none-eabi/6.2.1/../../../../arm-none-eabi/lib/thumb/v8-m.base\libnosys.a(sbrk.o)

.stab           0x00000000       0x6c
 .stab          0x00000000       0x24 c:/program files/gnu tools arm embedded/6.2 2016q4/bin/../lib/gcc/arm-none-eabi/6.2.1/../../../../arm-none-eabi/lib/thumb/v8-m.base\libnosys.a(close.o)
 .stab          0x00000024       0x18 c:/program files/gnu tools arm embedded/6.2 2016q4/bin/../lib/gcc/arm-none-eabi/6.2.1/../../../../arm-none-eabi/lib/thumb/v8-m.base\libnosys.a(fstat.o)
                                 0x24 (size before relaxing)
 .stab          0x0000003c       0x18 c:/program files/gnu tools arm embedded/6.2 2016q4/bin/../lib/gcc/arm-none-eabi/6.2.1/../../../../arm-none-eabi/lib/thumb/v8-m.base\libnosys.a(isatty.o)
                                 0x24 (size before relaxing)
 .stab          0x00000054       0x18 c:/program files/gnu tools arm embedded/6.2 2016q4/bin/../lib/gcc/arm-none-eabi/6.2.1/../../../../arm-none-eabi/lib/thumb/v8-m.base\libnosys.a(lseek.o)
                                 0x24 (size before relaxing)

.stabstr        0x00000000       0xe3
 .stabstr       0x00000000       0xe3 c:/program files/gnu tools arm embedded/6.2 2016q4/bin/../lib/gcc/arm-none-eabi/6.2.1/../../../../arm-none-eabi/lib/thumb/v8-m.base\libnosys.a(close.o)
